BMAPBOLOxxÿd}}ÿd€wÿd€xÿdƒ}ÿdxÿdw€ÿdx€ÿd€ÿd‰€ÿdxÿd}ƒÿd€ÿd€‰ÿdƒƒÿdÿdmmÿZZZuuÿZZZ€qÿZZZ‚~ÿZZZ‹uÿZZZ“mÿZZZq€ÿZZZ~~ÿZZZ‚‚ÿZZZ€ÿZZZm“ÿZZZu‹ÿZZZ~‚ÿZZZ€ÿZZZ‹‹ÿZZZ““ÿZZZjikiijik–i
•i
—j
—k
j—k—i–i•–—•——–—•fjpΐf‘—ΐgjpΐg‘—ΐhnp€h‘“€inzπi‡“πjfh€jj—΅πρ΅π΅j™›€kfh€kj—¤υ€υ¥€υ¤k™›€lfh€lj—΄ε€υ¥€ε΄l™›€mfh€mj—ΔΥ€υ¥€ΥΔm™›€nf›°ΤΕ€υ¥€ΕΤ°of›°ττττ΄°pi€…ττττ”…€qi€•τ„•τ•τ„•€ri€¥τµΤµτ¥€si€¥τµΤµτ¥€ti€¥τµΤµτ¥€ui€¥τ•τ•τ¥€vi€¥τττδ¥€wi€¥τττδ¥€xiΐ”•ττ΄•”ΐyiΐ„µ”·΄·”µ„ΐzj—¥„µ”τ¤”µ„¥{j—¥„µ”τ¤”µ„¥|j—¥”•¤τ¤¤•”¥}j—¥τJ@@JP~j—¥τττδ¥j—¥τττδ¥€j—¥τττδ¥j—¥τττδ¥‚j—¥τττδ¥ƒj—¥τJ@@JP„j—¥”•¤τ¤¤•”¥…j—¥„µ”τ¤”µ„¥†j—¥„µ”τ¤”µ„¥‡iΐ„µ”·΄·”µ„ΐiΐ”•”Ττ„•”ΐ‰i€¥τδτδ¥€i€¥τττδ¥€‹i€¥τ•τ•τ¥€i€¥τµΤµτ¥€i€¥τµΤµτ¥€i€¥τµΤµτ¥€i€•τ„•τ•τ„•€i€…ττττ”…€‘f›°ττττ΄°’f›°ΤΕ€υ¥€ΕΤ°“fh€“j—ΔΥ€υ¥€ΥΔ“™›€”fh€”j—΄ε€υ¥€ε΄”™›€•fh€•j—¤υ€υ¥€υ¤•™›€–fh€–j—΅πρ΅π΅–™›€—nzπ—‡“πnp€‘“€™jpΐ™‘—ΐjpΐ‘—ΐÿÿÿ