BMAPBOLOq€ÿd|sÿdqÿd€qÿd†yÿd|ÿdqÿdyzÿd‡†ÿdÿds„ÿdz‡ÿd€ÿdÿd„ÿd€ÿdruÿZZZtpÿZZZ€oÿZZZ‡yÿZZZ‹rÿZZZtÿZZZo€ÿZZZyyÿZZZ‡‡ÿZZZ‘€ÿZZZpŒÿZZZuŽÿZZZy‡ÿZZZ€‘ÿZZZŒÿZZZŽ‹ÿZZZlkklk”l•”••”•l
”k
ez‡ñ¡fwŠññ	guŒÁ¥€µÁ	hsŽ±Õ€å±
iq±õ€õ±jo’±õ…€õ•±kn“¡õ¥€õµ¡lm”‘õÅ€õÕ‘ml•¡õÅ€õÕ¡nk–Áõ…—€§õ…Áoj—áÕ—”…¤—Õápj—…¡µ‡Ä…Ô‡µ¡…qi˜‘•„•ä‡ô•„•‘ri˜Åô´_LLXsh™‘ÕôxAu”ôÕ‘th™å„Ä”Z@|@xNXugš‘å”¤¤[@z@yNYvgšå¤„´\@x@z@~Xwf›‘ÕÄÔ%uÔÄÕ‘xf›åô¤Euuô¤åyf›ÕÄÄ‡‡ÄÄÕzeœ‘Õ´ÄpEuu@@{@}Y{eœå¤ÄpGEuBt@z@~X|eœÕ¤ÄpEGEDtT@z@}X}eœÕôtTtTwGEGEô}X~eœÕôuuGEGtTtWôÕeœÕä—uGEEBtYp\x^€eœà…µ•wTtTrEyP{Px^eœà…Ç—uGEEBtYp^@}X‚eœÕôuuGEGtTtWôÕƒeœÕôtTtTwGEGEô}X„eœÕ¤ÄpEGEDtT@z@}X…eœå¤ÄpGEuBt@z@~X†eœ‘Õ´ÄpEuu@@{@}Y‡f›ÕÄÄ‡‡ÄÄÕˆf›åô¤Euuô¤å‰f›‘ÕÄÔ%uÔÄÕ‘Šgšå¤„Ä{@x@z@~X‹gš‘å”¤´z@z@yNYŒh™å„Ä¤y@|@xNXh™‘ÕôyAW„ôÕ‘Ži˜ÅôÄKLXi˜‘•„•ô‡ä•„•‘j—…¡µ‡Ô…Ä‡µ¡…‘j—áÕ—¤…”—Õá’k–Áõ…§€—õ…Á“l•¡õÕ€õÅ¡”m”‘õÕ€õÅ‘•n“¡õµ€õ¥¡–o’±õ•€õ…±
—q±õ€õ±	˜sŽ±å€Õ±	™uŒÁµ€¥ÁšwŠññ›z‡ñ¡ÿÿÿ