BMAPBOLOtuÿd|sÿd€yÿd„sÿdŒuÿd€ÿdq€ÿdy€ÿd‡€ÿd€ÿds€ÿdt‹ÿd|ÿd€‡ÿd„ÿdŒ‹ÿdkxÿZZZsxÿZZZyrÿZZZ‡rÿZZZxÿZZZ•xÿZZZi€ÿZZZv€ÿZZZŠ€ÿZZZ—€ÿZZZkˆÿZZZsˆÿZZZyŽÿZZZ‡ŽÿZZZˆÿZZZ•ˆÿZZZ€gqgdl_y_‡d”q™€™™œ”¡‡¡y	œl
g	kl•ññññ±lj—‘õõ_PYmh™‘õõ•õõ•‘ngšõõµõõµof›õõÅõõÅpeœå‡ôôô¤‡åqeœÕ‡ôôôä‡ÕrdÅ¤å¤Õ¤å¤ÅsdÅ¤ô”Õô”¤Åtcžµ¤ô¤Õô¤¤µucžµ¤ôôôä¤µvcžµ”¤ZJJzAX¤”µwcž¥”¤Z@z_zPzAX¤”¥xcž¥ÔZ@{ZpZ{PzAXÔ¥ycž¥””Z@y\rW\yPzAX””¥zcž¥””¤•”‡E„…‡”•¤””¥{cž¥”””•¤‡•‡¤•”””¥|cž¥””„•´‡•‡´•„””¥ }cž¥””„…´8t‰S„x´…„””¥~cž¥”Ä—´HTt•DtX´—Ä”¥cž¥”Ä—¤…'H•(G…¤—Ä”¥€cž¥”È‡yA„…$t•$t…‰At‡È”¥cž¥”Ä—¤…'H•(G…¤—Ä”¥‚cž¥”Ä—´HTt•DtX´—Ä”¥ ƒcž¥””„…´8t‰S„x´…„””¥„cž¥””„•´‡•‡´•„””¥…cž¥”””•¤‡•‡¤•”””¥†cž¥””¤•”‡E„…‡”•¤””¥‡cž¥””Z@y\rW\yPzAX””¥ˆcž¥ÔZ@{ZpZ{PzAXÔ¥‰cž¥”¤Z@z_zPzAX¤”¥Šcžµ”¤ZJJzAX¤”µ‹cžµ¤ôôôä¤µŒcžµ¤ô¤Õô¤¤µdÅ¤ô”Õô”¤ÅŽdÅ¤å¤Õ¤å¤ÅeœÕ‡ôôôä‡Õeœå‡ôôô¤‡å‘f›õõÅõõÅ’gšõõµõõµ“h™‘õõ•õõ•‘”j—‘õõ_PY	•l•ññññ±ÿÿÿ