BMAPBOLOt{ÿd€rÿd€yÿdyÿdˆ€ÿdŒ{ÿdq€ÿdw€ÿd‰€ÿd€ÿdt…ÿdx€ÿd€‡ÿd€Žÿd‡ÿdŒ…ÿdrtÿZZZtrÿZZZ€oÿZZZ†xÿZZZŒrÿZZZŽtÿZZZo€ÿZZZzxÿZZZ†ˆÿZZZ‘€ÿZZZrŒÿZZZtŽÿZZZzˆÿZZZ€‘ÿZZZŒŽÿZZZŽŒÿZZZq
p
p
qppppqppqfz‡ñ¡gwŠ¡õ…¡	ht¡µ×µ¡	ir‘õõµ‘	jqõõõ
ko’‘õõõ…‘ln“õÕõÕmn“\Y\Qqnmnnp‘õ¥·õ¥n“•oko
oqõô„õo“–pko…prÕôÄÕp’–…qjp•qq„¥ôô¥„q‘—•ri˜Åô”×ô”Åsi˜åô„µô„åth™å„Ç”µ”Ç„åuh™õ„Ç”µ”Ç„õvh™õ„Ç¤µ¤Ç„õwgšµ‡…„Çô¤Ç„…‡µxgšµ§„Çô¤Ç„§µygšµ—ˆ„×ÇÇ„ˆ—µzf›µ‡˜„× pÇ pÇ„˜‡µ{f›Å¨LzzqG¨Å|f›Å‡´×ÇÇ´‡Å}f›!Wµ´ç€‡ˆ—€Ç´µ'Q~f›!Wµ„‡•·‡ˆ‡€·•‡„µ'Qf›!Wµ„‡•÷¨ç•‡„µ'Q€f›!Wµ„‡•çÈ×•‡„µ'Qf›!Wµ„‡•÷¨ç•‡„µ'Q‚f›!Wµ„‡•·‡ˆ‡§•‡„µ'Qƒf›!Wµ´× p‡ˆ‡ pÇ´µ'Q„f›Å‡´Ç · Ç´‡Å…f›Å¨MyyqG¨Å†f›µ‡˜„ç€×€Ç„˜‡µ‡gšµ—ˆ„×ÇÇ„ˆ—µˆgšµ§„Çô¤Ç„§µ‰g™µ‡…„Çô¤Ç„…‡µŠh™õ„Ç¤µ¤Ç„õ‹h™õ„Ç”µ”Ç„õŒh™å„Ç”µ”Ç„åi˜å„—Äµô„åŽi˜Åô”×ô”Åjp•	qôôÔ•”‘—•jo…rµôäÕ’–…‘kn‘qõôõ‘“–’lo‘’p‘õ¥·õ¥’”•“m“õÅ˜õÅ”n’õÕõÕ
•o’‘õõõ…‘	–qõõõ	—r‘õõµ‘	˜t¡µ×µ¡™wŠ¡õ…¡šz‡ñ¡ÿÿÿ