BMAPBOLOwwÿdÿd€uÿd€vÿd‰wÿdŠ€ÿdu€ÿdÿdÿd‹€ÿdv€ÿdw‰ÿd€Šÿd€‹ÿdÿd‰‰ÿdprÿZZZrpÿZZZ€nÿZZZˆxÿZZZŽpÿZZZrÿZZZn€ÿZZZxxÿZZZˆˆÿZZZ’€ÿZZZpŽÿZZZrÿZZZxˆÿZZZ€’ÿZZZŽÿZZZŽÿZZZhhihiihih—h˜i˜i————˜˜˜˜—˜i
˜h
—h
—i
	gl•õõõõµ	hl•õõõõµ	il•õõõõµ	jl•õõõõµkl•õõõõ•lgš¥å÷÷·å¥mgšõ•—ôô”—õ•ngšõ—ôôÔ—õogšõ‡ôôô„‡õpgšå‡ôÄôÄ‡åqgšÕ‡ôÄ%uôÄ‡ÕrgšÕôÄ—ôÄÕsgšÅ‡ô´·ô´‡ÅtgšÅô´×ô´Åugšµ‡ô¤÷ô¤‡µvgšµô¤÷‡ô¤µwgšµô”÷§ô”µxgšµô„õåô„µygšµô…ôÄ…ô{Pzgšµô%uôÄ%uôµ{gšµä‡”õ”‡äµ|gšµÔ—„ô„—Ôµ}gšµÄ§„„”„„§Äµ~gšµ´·„%E´%E„·´µgšµ¤Ç„ô„Ç¤µ€gšµ”×„ô„×”µgšµ¤Ç„ô„Ç¤µ‚gšµ´·„%E´%E„·´µƒgšµÄ§„„”„„§Äµ„gšµÔ—„ô„—Ôµ…gšµä‡”õ”‡äµ†gšµô%uôÄ%uôµ‡gšµô…ôÄ…ô{Pˆgšµô„õåô„µ‰gšµô”÷§ô”µŠgšµô¤÷‡ô¤µ‹gšµ‡ô¤÷ô¤‡µŒgšÅô´×ô´ÅgšÅ‡ô´·ô´‡ÅŽgšÕôÄ—ôÄÕgšÕ‡ôÄ%uôÄ‡Õgšå‡ôÄôÄ‡å‘gšõ‡ôôô„‡õ’gšõ—ôôÔ—õ“gšõ•—ôô”—õ•”gš¥å÷÷·å¥•l•õõõõ•	–l•õõõõµ	—l•õõõõµ	˜l•õõõõµ	™l•õõõõµÿÿÿ