BMAPBOLOt{ÿd{qÿd}vÿdƒvÿd…qÿdŒ{ÿdy~ÿdy‚ÿd‡~ÿd‡‚ÿdt…ÿd{ÿd}ŠÿdƒŠÿd…ÿdŒ…ÿdqlÿZZZwwÿZZZ€qÿZZZ€…ÿZZZlÿZZZ‘rÿZZZorÿZZZw‰ÿZZZ‰wÿZZZ‘ŽÿZZZoŽÿZZZq”ÿZZZ€{ÿZZZ€ÿZZZ‰‰ÿZZZ”ÿZZZjiiji–j—–——–—j
–i
eo’ñññá	fn“ññññgm”‘õÕõÕ‘hl•‘õåõå‘ik–‘õõõõ‘jj—‘õõO_PYki˜±õõõõ±lh™ÑÕ‡ôä‡ÕÑmgš‘¡µ‡”xWWWVuuu‰H{ZYnf›‘•„…‡´xuuuvWWW‹HxXHYoeœ‘Å”ä8u{ƒuxä”Å‘peœåô„X‹HXô„åqeœåô„ôô„åreœÕôäôäÕseœÕôÔ•ôÔÕteœÅôä•ôäÅueœÅôÔµôÔÅveœµôäµôäµweœµôäµôäµxeœµôô•ôôµyeœµˆôÔ•ôÔˆµzeœµ#WˆôÄôÄˆ'Sµ{eœµSuu@@E…usµ|eœµCWX”´X‹HX´”HWSµ}eœµCux„•¤8u{ƒux¤•„Husµ~eœµ3W‰IYGgWWWeuuv”•”8u;Xeœµ3uˆKXG…uuugWWX„µ„8W;X€eœÃ%x„µ„xuuuvWWWˆKXB‡\8eœµ3uˆKXG…uuugWWX„µ„8W;X‚eœµ3W‰IYGgWWWeuuv”•”8u;XƒeœµCux„•¤8u{ƒux¤•„Husµ„eœµCWX”´X‹HX´”HWSµ…eœµSuu@@E…usµ†eœµ#WˆôÄôÄˆ'Sµ‡eœµˆôÔ•ôÔˆµˆeœµôô•ôôµ‰eœµôäµôäµŠeœµôäµôäµ‹eœÅôÔµôÔÅŒeœÅôä•ôäÅeœÕôÔ•ôÔÕŽeœÕôäôäÕeœåô„ôô„åeœåô„X‹HXô„å‘eœ‘Å”ä8u{ƒuxä”Å‘’f›‘•„…‡´xuuuvWWW‹HxXHY“gš‘¡µ‡”xWWWVuuu‰H{ZY”h™ÑÕ‡ôä‡ÕÑ•i˜±õõõõ±–j—‘õõO_PY—k–‘õõõõ‘˜l•‘õåõå‘™m”‘õÕõÕ‘	šn“ññññ›o’ñññáÿÿÿ