BMAPBOLOwwÿd~ÿd€tÿd€uÿd‰wÿd‹€ÿdt€ÿd~ÿd‚ÿdŒ€ÿdu€ÿdw‰ÿd€‹ÿd€Œÿd‚ÿd‰‰ÿdprÿZZZrpÿZZZ€mÿZZZ†zÿZZZŽpÿZZZrÿZZZm€ÿZZZzzÿZZZ††ÿZZZ“€ÿZZZpŽÿZZZrÿZZZz†ÿZZZ€“ÿZZZŽÿZZZŽÿZZZon‘n
no’o
n‘’‘o’‘’g{†õ…
hx‰µdTTTµiuŒµtTTTTEEKPjt•tTTTWEEEE$T•kr¥tTTTPIWEEEE¥lq¥tTTTPKWEEEE¥mq•tTTTPMWEEEE•nq¥$TµÔµ$T¥op‘”••ô¤••”
po’´µôÄµ´ql••´¥Ô%EÔ¥´•rk–¥¤‡…ä%Eä…‡¤¥sk–µ„‡ô„%Eô„‡„µtj—•¥ô”%Eô”¥•ui˜•$T¥ô”%Eô”¥$T•vi˜…DTT•ô”•ô”•DTT…wi˜UEEI_JI]@ËIUEEExh™•$T•ÔôÄÔ•$T•yh™…$T•ôô¤ô•$T…zh™eEEEô„_A[ô„eEEE{gš•$T…ô„…ô…ô„…$T•|gš…TTT_J@]p_JETTT…}gšeEEEôÄ´ôÄeEEE~gš…$T…ôÄ´ôÄ…$T…gš5EIYM[At•{MYISEE€gš…¥ä…´IQG´…ä¥…gš5EIYM[At•{MYISEE‚gš…$T…ôÄ´ôÄ…$T…ƒgšeEEEôÄ´ôÄeEEE„gš…TTT_J@]p_JETTT……gš•$T…ô„…ô…ô„…$T•†h™eEEEô”ôô”eEEE‡h™…$T•ôô¤ô•$T…ˆh™•$T•ÔôÄÔ•$T•‰i˜UEEI_JI_JIUEEEŠi˜…DTT•ô”•ô”•DTT…‹i˜•$T¥ô”%Eô”¥$T•Œj—•¥ô”%Eô”¥•k–µ„‡ô„%Eô„‡„µŽk–¥¤‡…ä%Eä…‡¤¥l••´¥Ô%EÔ¥´•
o’´µôÄµ´‘p‘”••ô¤••”’q¥$TµÔµ$T¥“q•tTTTPMWEEEE•”q¥tTTTPKWEEEE¥•r¥tTTTPIWEEEE¥–t•tTTTWEEEE$T•—uŒµtTTTTEEKP
˜x‰µdTTTµ™{†õ…ÿÿÿ