BMAPBOLOo}ÿ2~pÿ2€yÿ2‚pÿ2ƒoÿ2~ÿ2p~ÿ2y€ÿ2‡€ÿ2‚ÿ2p‚ÿ2}‘ÿ2~ÿ2€‡ÿ2‚ÿ2‘ƒÿ2osÿZZZsoÿZZZ||ÿZZZ„|ÿZZZoÿZZZ‘sÿZZZt€ÿZZZ€tÿZZZ€ŒÿZZZŒ€ÿZZZoÿZZZs‘ÿZZZ|„ÿZZZ„„ÿZZZ‘ÿZZZ‘ÿZZZmmnn“m
’n
n’m“’’““	io’õÕ˜õÕ	jn“õå˜õå	kn“õå˜õå	ln“õç˜çõmo’µ·Ä'‡Ä·µnjm•np‘•”‡ÔÔ‡”•n”—•oinµop‘‡¤‡ÔÔ‡¤‡o“˜µpi˜ÕÄ‡ÔÔ‡ÄÕqi˜ÅÔ‡ÔÔ‡ÔÅri˜Å´Ç´´Ç´Åsi˜µ´Å¤¤Å´µti˜¥´…¨…””…¨…´¥ui˜¥¤… …„„… …¤¥vi˜¥¤'XÀ(W„„'XÀ(W¤¥wi˜•×Œ…x@xBuŒ…×•xi˜•×Œ…x@xBuŒ…×•yi˜•´'XÀ(W„„'XÀ(W´•zi˜•´… …´… …´•{i˜•Ä…¨…Ô…¨…Ä•|i˜•ÔÅ”—”ÅÔ•}i˜•äÇ”””Çä•~i˜•ôäôô”•i˜¨ôä—ôä¨€i˜¸÷—¤”¤÷—¸i˜¨ôä—ôä¨‚i˜•ôô”ôä•ƒi˜•äÇ”””Çä•„i˜•ÔÅ”—”ÅÔ•…i˜•Ä…¨…Ô…¨…Ä•†i˜•´… …´… …´•‡i˜•´'XÀ(W„„'XÀ(W´•ˆi˜•×Œ…x@xBuŒ…×•‰i˜•×Œ…x@xBuŒ…×•Ši˜¥¤'XÀ(W„„'XÀ(W¤¥‹i˜¥¤… …„„… …¤¥Œi˜¥´…¨…””…¨…´¥i˜µ´Å¤¤Å´µŽi˜Å´Ç´´Ç´Åi˜ÅÔ‡ÔÔ‡ÔÅi˜ÕÄ‡ÔÔ‡ÄÕ‘inµ‘p‘‡¤‡ÔÔ‡¤‡‘“˜µ’jm•’p‘•”‡ÔÔ‡”•’”—•“o’µ·Ä'‡Ä·µ	”n“õç˜çõ	•n“õå˜õå	–n“õå˜õå	—o’õÕ˜õÕÿÿÿ