BMAPBOLOnuÿduyÿd}{ÿd…tÿd†uÿdŠnÿdtzÿd{‚ÿd„}ÿd‹…ÿdu‘ÿdyŠÿdz‹ÿd‚„ÿdŠ†ÿd‘ŠÿdnqÿZZZvmÿZZZzxÿZZZ‚pÿZZZŽnÿZZZ’vÿZZZp}ÿZZZx…ÿZZZ‡zÿZZZ‚ÿZZZm‰ÿZZZq‘ÿZZZ}ÿZZZ…‡ÿZZZ‰’ÿZZZ‘ŽÿZZZ—m
–n
•o
”p
pkojnimhkji‘h’”•‘–’—fn‘õõõå	gn“õõõõ
hn•õõõõ…ijn•
io–õõõõ…jioµ
jp—õõõõ…khpÕkq—…÷÷Çõ…lh—å—ôô¤—õmg—õ—ôôä—Ång–å‡ôô”µ¤‡¥n—š…of•å‡ôô•ô‡…o–š•pf”Õ‡ôôôÔ‡p•š¥qfšÕôô…ôÔµrfšÅ‡ôÔ…ôô‡ÅsfšÅôÔôô”Åtfšµ‡ôÄôô¤‡µufšµ„ô”ôôÄµvfšµ„ô”ôôÄµwfšµ„ô”ôôÄµxfšµ„ô”¥ôô”µyfšµ„ô„¤µôÔµzfšµ”ô[J	_J@{P{fšµ”ô[HJ_@{P|fšµ”ôH@Y@^@{P}fšµô¤	HX@Z@]@{P~fšµ´Ô µ¤´Äµfšµ´Ô µ”ÄÄµ€fšµÄÄ”µ Ô´µfšµÄ´¤µ Ô´µ‚fšµÔ¤´€…”_J@{Pƒfšµä”´€´_@Y@{P„fšµô¥´€´ôY@{P…fšµô¤• ´ôY@{P†fšµôÔµ¤ô„„µ‡fšµôô”¥ô”„µˆfšµôôÄô”„µ‰fšµôôÄô”„µŠfšµôôÄô”„µ‹fšµ‡ôô¤ôÄ‡µŒfšÅôô”ôÔÅfšÅ‡ôô…ôÔ‡ÅŽfšµôÔ…ôôÕfk¥lš‡ôôôÔ‡Õfj•kš…‡ô•ôô‡å‘fi…‘j™¥‡¤µôô”‡å’i™Å—ôôä—õ“i˜õ—ôô¤—å”iõ…÷÷Ç…”˜Õ
•iõõõõ…•‘—µ
–j‘õõõõ…–’–•
—k’õõõõ…	˜m’õõõõ™o’õõõåÿÿÿ