BMAPBOLO
vyÿ2zrÿ2{rÿ2…rÿ2†rÿ2Šyÿ2q€ÿ2|€ÿ2„€ÿ2€ÿ2v‡ÿ2zŽÿ2{Žÿ2…Žÿ2†Žÿ2Š‡ÿ2izÿZZZrrÿZZZ{yÿZZZ…yÿZZZŽrÿZZZ—zÿZZZs{ÿZZZs…ÿZZZ{ÿZZZ…ÿZZZi†ÿZZZrŽÿZZZ{‡ÿZZZ…‡ÿZZZŽŽÿZZZ—†ÿZZZqi€iiayŸy	a‡Ÿ‡q—€——	mn“õõõõ	nl•õõõõµ	oj—õõõõõpi˜Õç·µ·çÕqh™Å÷§‡Å××ÅrgšÅ‡ôÄ¶ôÄ‡Åsgšµ‡„‡×—µ]rWHxH{Ptf›µ‡„…Jp\{\pZqG…„‡µuf›¥‡„¥$u÷µ—×yXHzPveœ¥‡„µ„ç{Qu·‡„¥„‡¥weœ¥„Õ$u—XQu·|X@zPxeœ•„å—µÕµ—}X@yPyeœ•I{Qt—•õ…•GWG•…‡yPzeœ•Ä—‡ÔµÔ‡xP|@yP{eœ•'E—ô…õ……ô$u‡yP|eœ•KpYqG••Õ••Ip[qG•}eœ•Hp\pHPyPXPyPxQE×%G•~eœ•MxWEuuu'WµwWWWSuE—§yPeœ•Ip[pHPyPXPyPxPMsWG•€eœ¥Õ'TåÕå$WÕ¥eœ•7G]pHPyPXPyPxPKpYqG•‚eœ•JpYwTWWW5u{Wuuuu'T…×yPƒeœ•'E×HPyPXPyPxPLpXqG•„eœ•KpYqG••Õ••Ip[qG•…eœ•HqWô…õ……ô—%G•†eœ•Ä…Hp]K]@XpIp\@yP‡eœ•HxPyTtuyPXPyYqGµ—yPˆeœ•„ÕI{P}P{YpNX@yP‰eœ¥„ÅKqWõ…YrWMX@zPŠeœ¥‡„¥„‡·{Quç„µ„‡¥‹f›¥‡„•MpY{_rWJXHzPŒf›µ‡„…Jp\{\pZqG…„‡µgšµ‡„‡$u×{Yp]pHxH{PŽgšÅ‡ôÄ¶ôÄ‡Åh™Å××Å‡÷§Åi˜Õç·µ·çÕ	‘j—õõõõõ	’l•õõõõµ	“n“õõõõÿÿÿ